// Jest Snapshot v1, https://goo.gl/fbAQLP

exports[`Menu Item matches the snapshot 1`] = `
<div
  className="menu-item menu-item--in-basket menu-item--greyed-out"
>
  <div
    className="menu-item__title"
  >
    <div
      className="menu-item__name"
    >
      Espresso
    </div>
    <div
      className="menu-item__buttons"
    >
      <button
        className="menu-item__remove-button menu-item__remove-button--in-basket"
        onClick={[Function]}
        type="button"
      >
        <i
          className="fas fa-minus-circle"
        />
      </button>
      <div
        className="menu-item__count menu-item__count--in-basket"
      >
        1
      </div>
      <button
        className="menu-item__add-button"
        onClick={[Function]}
        type="button"
      >
        <i
          className="fas fa-plus-circle"
        />
      </button>
    </div>
  </div>
  <div
    className="menu-item__description"
  >
    Single shot, 30ml
  </div>
  <div
    className="menu-item__price"
  >
    Â£2.00
  </div>
</div>
`;
